// Jest Snapshot v1, https://goo.gl/fbAQLP

exports[`calculator component should render correctly 1`] = `
<div
  className="calculator"
>
  <div
    className="calculator__input-wrapper"
  >
    <input
      className="calculator__input"
      data-testid="calculator-input"
      disabled={true}
      name="equation"
      onChange={[Function]}
      value={0}
    />
  </div>
  <div
    className="calculator__actions"
  >
    <button
      className="calculator__btn"
      onClick={[Function]}
      type="button"
      value="AC"
    >
      AC
    </button>
    <button
      className="calculator__btn"
      onClick={[Function]}
      type="button"
      value="+/-"
    >
      +/-
    </button>
    <button
      className="calculator__btn"
      onClick={[Function]}
      type="button"
      value="%"
    >
      %
    </button>
    <button
      className="calculator__btn calculator__btn--primary"
      onClick={[Function]}
      type="button"
      value="รท"
    >
      รท
    </button>
    <button
      className="calculator__btn"
      onClick={[Function]}
      type="button"
      value="7"
    >
      7
    </button>
    <button
      className="calculator__btn"
      onClick={[Function]}
      type="button"
      value="8"
    >
      8
    </button>
    <button
      className="calculator__btn"
      onClick={[Function]}
      type="button"
      value="9"
    >
      9
    </button>
    <button
      className="calculator__btn calculator__btn--primary"
      onClick={[Function]}
      type="button"
      value="x"
    >
      x
    </button>
    <button
      className="calculator__btn"
      onClick={[Function]}
      type="button"
      value="4"
    >
      4
    </button>
    <button
      className="calculator__btn"
      onClick={[Function]}
      type="button"
      value="5"
    >
      5
    </button>
    <button
      className="calculator__btn"
      onClick={[Function]}
      type="button"
      value="6"
    >
      6
    </button>
    <button
      className="calculator__btn calculator__btn--primary"
      onClick={[Function]}
      type="button"
      value="-"
    >
      -
    </button>
    <button
      className="calculator__btn"
      onClick={[Function]}
      type="button"
      value="1"
    >
      1
    </button>
    <button
      className="calculator__btn"
      onClick={[Function]}
      type="button"
      value="2"
    >
      2
    </button>
    <button
      className="calculator__btn"
      onClick={[Function]}
      type="button"
      value="3"
    >
      3
    </button>
    <button
      className="calculator__btn calculator__btn--primary"
      onClick={[Function]}
      type="button"
      value="+"
    >
      +
    </button>
    <button
      className="calculator__btn calculator__btn--span"
      onClick={[Function]}
      type="button"
      value="0"
    >
      0
    </button>
    <button
      className="calculator__btn"
      onClick={[Function]}
      type="button"
      value="."
    >
      .
    </button>
    <button
      className="calculator__btn calculator__btn--primary"
      onClick={[Function]}
      type="button"
      value="="
    >
      =
    </button>
  </div>
</div>
`;
