// Jest Snapshot v1, https://goo.gl/fbAQLP

exports[`testing quote view should render correctly 1`] = `
<section
  className="container"
>
  <div
    className="quote"
  >
    <p
      className="quote__text"
    >
      Mathematics is not about numbers, equations, computations, or algorithms: it is about understanding. -William Paul Thurston
    </p>
  </div>
</section>
`;
